mode: set
fuse_video_streamer/config/main.go:21.28,23.16 2 1
fuse_video_streamer/config/main.go:23.16,25.3 1 1
fuse_video_streamer/config/main.go:26.2,30.45 4 1
fuse_video_streamer/config/main.go:30.45,32.3 1 0
fuse_video_streamer/config/main.go:34.2,34.17 1 1
fuse_video_streamer/config/main.go:37.23,39.16 2 1
fuse_video_streamer/config/main.go:39.16,41.3 1 0
fuse_video_streamer/config/main.go:43.2,43.26 1 1
fuse_video_streamer/config/main.go:43.26,45.3 1 1
fuse_video_streamer/config/main.go:47.2,47.26 1 1
fuse_video_streamer/config/main.go:47.26,49.3 1 1
fuse_video_streamer/config/main.go:51.2,51.31 1 1
fuse_video_streamer/config/main.go:51.31,53.3 1 1
fuse_video_streamer/config/main.go:55.2,55.12 1 1
fuse_video_streamer/config/main.go:58.38,60.16 2 1
fuse_video_streamer/config/main.go:60.16,62.3 1 0
fuse_video_streamer/config/main.go:63.2,63.28 1 1
fuse_video_streamer/config/main.go:66.38,68.16 2 1
fuse_video_streamer/config/main.go:68.16,70.3 1 0
fuse_video_streamer/config/main.go:71.2,71.28 1 1
fuse_video_streamer/config/main.go:74.53,76.16 2 1
fuse_video_streamer/config/main.go:76.16,78.3 1 0
fuse_video_streamer/config/main.go:79.2,79.29 1 1
fuse_video_streamer/main.go:19.13,23.16 2 0
fuse_video_streamer/main.go:23.16,24.13 1 0
fuse_video_streamer/main.go:27.2,28.16 2 0
fuse_video_streamer/main.go:28.16,29.13 1 0
fuse_video_streamer/main.go:32.2,33.16 2 0
fuse_video_streamer/main.go:33.16,34.13 1 0
fuse_video_streamer/main.go:37.2,40.16 3 0
fuse_video_streamer/main.go:40.16,41.13 1 0
fuse_video_streamer/main.go:44.2,45.16 2 0
fuse_video_streamer/main.go:45.16,46.13 1 0
fuse_video_streamer/main.go:49.2,58.20 6 0
fuse_video_streamer/main.go:61.45,69.2 4 0
fuse_video_streamer/main.go:71.14,74.2 2 0
fuse_video_streamer/filesystem/client/provider/grpc/main.go:29.135,49.16 5 0
fuse_video_streamer/filesystem/client/provider/grpc/main.go:49.16,51.3 1 0
fuse_video_streamer/filesystem/client/provider/grpc/main.go:53.2,56.16 3 0
fuse_video_streamer/filesystem/client/provider/grpc/main.go:56.16,58.3 1 0
fuse_video_streamer/filesystem/client/provider/grpc/main.go:60.2,69.8 3 0
fuse_video_streamer/filesystem/client/provider/grpc/main.go:72.37,74.2 1 0
fuse_video_streamer/filesystem/client/provider/grpc/main.go:76.76,78.2 1 0
fuse_video_streamer/filesystem/client/provider/grpc/internal/filesystem/main.go:35.82,42.2 1 0
fuse_video_streamer/filesystem/client/provider/grpc/internal/filesystem/main.go:44.31,46.2 1 0
fuse_video_streamer/filesystem/client/provider/grpc/internal/filesystem/main.go:48.33,50.2 1 0
fuse_video_streamer/filesystem/client/provider/grpc/internal/filesystem/main.go:52.41,54.2 1 0
fuse_video_streamer/filesystem/client/provider/grpc/internal/filesystem/main.go:56.37,58.2 1 0
fuse_video_streamer/filesystem/client/provider/grpc/internal/filesystem/main.go:60.88,71.2 2 0
fuse_video_streamer/filesystem/client/provider/grpc/internal/filesystem/main.go:73.71,78.16 4 0
fuse_video_streamer/filesystem/client/provider/grpc/internal/filesystem/main.go:78.16,80.3 1 0
fuse_video_streamer/filesystem/client/provider/grpc/internal/filesystem/main.go:82.2,89.8 2 0
fuse_video_streamer/filesystem/client/provider/grpc/internal/filesystem/main.go:92.81,100.16 4 0
fuse_video_streamer/filesystem/client/provider/grpc/internal/filesystem/main.go:100.16,102.3 1 0
fuse_video_streamer/filesystem/client/provider/grpc/internal/filesystem/main.go:104.2,105.38 2 0
fuse_video_streamer/filesystem/client/provider/grpc/internal/filesystem/main.go:105.38,114.3 2 0
fuse_video_streamer/filesystem/client/provider/grpc/internal/filesystem/main.go:116.2,116.19 1 0
fuse_video_streamer/filesystem/client/provider/grpc/internal/filesystem/main.go:120.94,129.16 4 0
fuse_video_streamer/filesystem/client/provider/grpc/internal/filesystem/main.go:129.16,131.3 1 0
fuse_video_streamer/filesystem/client/provider/grpc/internal/filesystem/main.go:133.2,140.8 2 0
fuse_video_streamer/filesystem/client/provider/grpc/internal/filesystem/main.go:143.70,153.2 4 0
fuse_video_streamer/filesystem/client/provider/grpc/internal/filesystem/main.go:155.116,167.2 4 0
fuse_video_streamer/filesystem/client/provider/grpc/internal/filesystem/main.go:169.91,180.2 4 0
fuse_video_streamer/filesystem/client/provider/grpc/internal/filesystem/main.go:182.93,193.16 5 0
fuse_video_streamer/filesystem/client/provider/grpc/internal/filesystem/main.go:193.16,195.3 1 0
fuse_video_streamer/filesystem/client/provider/grpc/internal/filesystem/main.go:197.2,202.8 1 0
fuse_video_streamer/filesystem/client/provider/grpc/internal/filesystem/main.go:205.89,216.2 4 0
fuse_video_streamer/filesystem/client/provider/grpc/internal/filesystem/main.go:218.63,226.16 4 0
fuse_video_streamer/filesystem/client/provider/grpc/internal/filesystem/main.go:226.16,228.3 1 0
fuse_video_streamer/filesystem/client/provider/grpc/internal/filesystem/main.go:230.2,230.32 1 0
fuse_video_streamer/filesystem/client/provider/grpc/internal/filesystem/main.go:233.66,241.16 4 0
fuse_video_streamer/filesystem/client/provider/grpc/internal/filesystem/main.go:241.16,243.3 1 0
fuse_video_streamer/filesystem/client/provider/grpc/internal/filesystem/main.go:245.2,245.32 1 0
fuse_video_streamer/filesystem/client/provider/grpc/internal/filesystem/main.go:248.67,256.16 4 0
fuse_video_streamer/filesystem/client/provider/grpc/internal/filesystem/main.go:256.16,258.3 1 0
fuse_video_streamer/filesystem/client/provider/grpc/internal/filesystem/main.go:260.2,260.31 1 0
fuse_video_streamer/filesystem/client/provider/grpc/internal/filesystem/main.go:263.91,273.16 4 0
fuse_video_streamer/filesystem/client/provider/grpc/internal/filesystem/main.go:273.16,275.3 1 0
fuse_video_streamer/filesystem/client/provider/grpc/internal/filesystem/main.go:277.2,277.32 1 0
fuse_video_streamer/filesystem/client/provider/grpc/internal/filesystem/main.go:280.92,290.16 4 0
fuse_video_streamer/filesystem/client/provider/grpc/internal/filesystem/main.go:290.16,292.3 1 0
fuse_video_streamer/filesystem/client/provider/grpc/internal/filesystem/main.go:294.2,294.40 1 0
fuse_video_streamer/filesystem/client/repository/main.go:23.132,25.16 2 0
fuse_video_streamer/filesystem/client/repository/main.go:25.16,27.3 1 0
fuse_video_streamer/filesystem/client/repository/main.go:29.2,30.57 2 0
fuse_video_streamer/filesystem/client/repository/main.go:30.57,32.17 2 0
fuse_video_streamer/filesystem/client/repository/main.go:32.17,34.4 1 0
fuse_video_streamer/filesystem/client/repository/main.go:36.3,36.42 1 0
fuse_video_streamer/filesystem/client/repository/main.go:39.2,45.8 1 0
fuse_video_streamer/filesystem/client/repository/main.go:48.98,49.44 1 0
fuse_video_streamer/filesystem/client/repository/main.go:49.44,50.31 1 0
fuse_video_streamer/filesystem/client/repository/main.go:50.31,52.4 1 0
fuse_video_streamer/filesystem/client/repository/main.go:55.2,55.63 1 0
fuse_video_streamer/filesystem/client/repository/main.go:58.84,60.2 1 0
fuse_video_streamer/filesystem/driver/provider/fuse/main.go:25.79,27.16 2 0
fuse_video_streamer/filesystem/driver/provider/fuse/main.go:27.16,29.3 1 0
fuse_video_streamer/filesystem/driver/provider/fuse/main.go:31.2,35.8 1 0
fuse_video_streamer/filesystem/driver/provider/fuse/main.go:38.119,40.16 2 0
fuse_video_streamer/filesystem/driver/provider/fuse/main.go:40.16,42.3 1 0
fuse_video_streamer/filesystem/driver/provider/fuse/main.go:44.2,57.16 2 0
fuse_video_streamer/filesystem/driver/provider/fuse/main.go:57.16,59.3 1 0
fuse_video_streamer/filesystem/driver/provider/fuse/main.go:61.2,66.16 4 0
fuse_video_streamer/filesystem/driver/provider/fuse/main.go:66.16,68.3 1 0
fuse_video_streamer/filesystem/driver/provider/fuse/main.go:70.2,71.16 2 0
fuse_video_streamer/filesystem/driver/provider/fuse/main.go:71.16,73.3 1 0
fuse_video_streamer/filesystem/driver/provider/fuse/main.go:75.2,76.16 2 0
fuse_video_streamer/filesystem/driver/provider/fuse/main.go:76.16,78.3 1 0
fuse_video_streamer/filesystem/driver/provider/fuse/main.go:80.2,80.68 1 0
fuse_video_streamer/filesystem/driver/provider/fuse/internal/filesystem/main.go:29.159,33.19 3 0
fuse_video_streamer/filesystem/driver/provider/fuse/internal/filesystem/main.go:33.19,35.3 1 0
fuse_video_streamer/filesystem/driver/provider/fuse/internal/filesystem/main.go:37.2,37.28 1 0
fuse_video_streamer/filesystem/driver/provider/fuse/internal/filesystem/main.go:37.28,39.3 1 0
fuse_video_streamer/filesystem/driver/provider/fuse/internal/filesystem/main.go:41.2,42.16 2 0
fuse_video_streamer/filesystem/driver/provider/fuse/internal/filesystem/main.go:42.16,44.3 1 0
fuse_video_streamer/filesystem/driver/provider/fuse/internal/filesystem/main.go:46.2,54.24 2 0
fuse_video_streamer/filesystem/driver/provider/fuse/internal/filesystem/main.go:57.55,59.2 1 0
fuse_video_streamer/filesystem/driver/provider/fuse/internal/filesystem/main.go:61.41,64.2 2 0
fuse_video_streamer/filesystem/driver/provider/fuse/internal/filesystem/main.go:66.45,67.52 1 0
fuse_video_streamer/filesystem/driver/provider/fuse/internal/filesystem/main.go:67.52,69.3 1 0
fuse_video_streamer/filesystem/driver/provider/fuse/internal/filesystem/main.go:71.2,78.12 5 0
fuse_video_streamer/filesystem/driver/provider/fuse/internal/filesystem/main.go:81.47,83.2 1 0
fuse_video_streamer/filesystem/driver/provider/fuse/internal/api/main.go:39.27,43.2 3 0
fuse_video_streamer/filesystem/driver/provider/fuse/internal/api/main.go:45.32,50.2 4 0
fuse_video_streamer/filesystem/driver/provider/fuse/internal/api/main.go:52.31,56.2 3 0
fuse_video_streamer/filesystem/driver/provider/fuse/internal/api/main.go:58.34,63.2 4 0
fuse_video_streamer/filesystem/driver/provider/fuse/internal/api/main.go:65.37,69.2 3 0
fuse_video_streamer/filesystem/driver/provider/fuse/internal/api/main.go:71.25,78.2 5 0
fuse_video_streamer/filesystem/driver/provider/fuse/internal/api/main.go:80.56,84.2 3 0
fuse_video_streamer/filesystem/driver/provider/fuse/internal/api/main.go:86.58,90.2 3 0
fuse_video_streamer/filesystem/driver/provider/fuse/internal/api/main.go:92.56,100.2 6 0
fuse_video_streamer/filesystem/driver/provider/fuse/internal/filesystem/directory/handle/main.go:36.92,48.2 3 0
fuse_video_streamer/filesystem/driver/provider/fuse/internal/filesystem/directory/handle/main.go:50.46,52.2 1 0
fuse_video_streamer/filesystem/driver/provider/fuse/internal/filesystem/directory/handle/main.go:54.78,55.23 1 0
fuse_video_streamer/filesystem/driver/provider/fuse/internal/filesystem/directory/handle/main.go:55.23,57.3 1 0
fuse_video_streamer/filesystem/driver/provider/fuse/internal/filesystem/directory/handle/main.go:59.2,65.41 5 0
fuse_video_streamer/filesystem/driver/provider/fuse/internal/filesystem/directory/handle/main.go:65.41,69.3 3 0
fuse_video_streamer/filesystem/driver/provider/fuse/internal/filesystem/directory/handle/main.go:71.2,73.30 2 0
fuse_video_streamer/filesystem/driver/provider/fuse/internal/filesystem/directory/handle/main.go:73.30,74.26 1 0
fuse_video_streamer/filesystem/driver/provider/fuse/internal/filesystem/directory/handle/main.go:76.26,80.6 1 0
fuse_video_streamer/filesystem/driver/provider/fuse/internal/filesystem/directory/handle/main.go:82.26,86.6 1 0
fuse_video_streamer/filesystem/driver/provider/fuse/internal/filesystem/directory/handle/main.go:88.22,92.6 1 0
fuse_video_streamer/filesystem/driver/provider/fuse/internal/filesystem/directory/handle/main.go:94.11,96.37 2 0
fuse_video_streamer/filesystem/driver/provider/fuse/internal/filesystem/directory/handle/main.go:100.2,100.21 1 0
fuse_video_streamer/filesystem/driver/provider/fuse/internal/filesystem/directory/handle/main.go:103.37,104.48 1 0
fuse_video_streamer/filesystem/driver/provider/fuse/internal/filesystem/directory/handle/main.go:104.48,106.3 1 0
fuse_video_streamer/filesystem/driver/provider/fuse/internal/filesystem/directory/handle/main.go:108.2,108.12 1 0
fuse_video_streamer/filesystem/driver/provider/fuse/internal/filesystem/directory/handle/main.go:111.39,113.2 1 0
fuse_video_streamer/filesystem/driver/provider/fuse/internal/filesystem/directory/handle/service/main.go:21.66,25.2 1 0
fuse_video_streamer/filesystem/driver/provider/fuse/internal/filesystem/directory/handle/service/main.go:27.106,28.24 1 0
fuse_video_streamer/filesystem/driver/provider/fuse/internal/filesystem/directory/handle/service/main.go:28.24,30.3 1 0
fuse_video_streamer/filesystem/driver/provider/fuse/internal/filesystem/directory/handle/service/main.go:32.2,33.16 2 0
fuse_video_streamer/filesystem/driver/provider/fuse/internal/filesystem/directory/handle/service/main.go:33.16,35.3 1 0
fuse_video_streamer/filesystem/driver/provider/fuse/internal/filesystem/directory/handle/service/main.go:37.2,37.48 1 0
fuse_video_streamer/filesystem/driver/provider/fuse/internal/filesystem/directory/handle/service/main.go:40.39,41.49 1 0
fuse_video_streamer/filesystem/driver/provider/fuse/internal/filesystem/directory/handle/service/main.go:41.49,43.3 1 0
fuse_video_streamer/filesystem/driver/provider/fuse/internal/filesystem/directory/handle/service/main.go:45.2,45.12 1 0
fuse_video_streamer/filesystem/driver/provider/fuse/internal/filesystem/directory/handle/service/main.go:48.41,50.2 1 0
fuse_video_streamer/filesystem/driver/provider/fuse/internal/filesystem/directory/node/main.go:58.18,79.2 3 0
fuse_video_streamer/filesystem/driver/provider/fuse/internal/filesystem/directory/node/main.go:81.42,83.2 1 0
fuse_video_streamer/filesystem/driver/provider/fuse/internal/filesystem/directory/node/main.go:85.48,87.2 1 0
fuse_video_streamer/filesystem/driver/provider/fuse/internal/filesystem/directory/node/main.go:89.67,91.2 1 0
fuse_video_streamer/filesystem/driver/provider/fuse/internal/filesystem/directory/node/main.go:93.68,94.21 1 0
fuse_video_streamer/filesystem/driver/provider/fuse/internal/filesystem/directory/node/main.go:94.21,96.3 1 0
fuse_video_streamer/filesystem/driver/provider/fuse/internal/filesystem/directory/node/main.go:98.2,103.12 4 0
fuse_video_streamer/filesystem/driver/provider/fuse/internal/filesystem/directory/node/main.go:106.128,107.21 1 0
fuse_video_streamer/filesystem/driver/provider/fuse/internal/filesystem/directory/node/main.go:107.21,109.3 1 0
fuse_video_streamer/filesystem/driver/provider/fuse/internal/filesystem/directory/node/main.go:111.2,115.16 4 0
fuse_video_streamer/filesystem/driver/provider/fuse/internal/filesystem/directory/node/main.go:115.16,119.3 3 0
fuse_video_streamer/filesystem/driver/provider/fuse/internal/filesystem/directory/node/main.go:121.2,123.20 2 0
fuse_video_streamer/filesystem/driver/provider/fuse/internal/filesystem/directory/node/main.go:126.136,127.21 1 0
fuse_video_streamer/filesystem/driver/provider/fuse/internal/filesystem/directory/node/main.go:127.21,129.3 1 0
fuse_video_streamer/filesystem/driver/provider/fuse/internal/filesystem/directory/node/main.go:131.2,134.28 3 0
fuse_video_streamer/filesystem/driver/provider/fuse/internal/filesystem/directory/node/main.go:135.15,137.19 2 0
fuse_video_streamer/filesystem/driver/provider/fuse/internal/filesystem/directory/node/main.go:138.12,141.17 3 0
fuse_video_streamer/filesystem/driver/provider/fuse/internal/filesystem/directory/node/main.go:141.17,144.4 2 0
fuse_video_streamer/filesystem/driver/provider/fuse/internal/filesystem/directory/node/main.go:145.3,145.25 1 0
fuse_video_streamer/filesystem/driver/provider/fuse/internal/filesystem/directory/node/main.go:148.2,151.27 3 0
fuse_video_streamer/filesystem/driver/provider/fuse/internal/filesystem/directory/node/main.go:151.27,155.3 2 0
fuse_video_streamer/filesystem/driver/provider/fuse/internal/filesystem/directory/node/main.go:155.8,155.23 1 0
fuse_video_streamer/filesystem/driver/provider/fuse/internal/filesystem/directory/node/main.go:155.23,159.3 2 0
fuse_video_streamer/filesystem/driver/provider/fuse/internal/filesystem/directory/node/main.go:161.2,161.22 1 0
fuse_video_streamer/filesystem/driver/provider/fuse/internal/filesystem/directory/node/main.go:161.22,164.3 2 0
fuse_video_streamer/filesystem/driver/provider/fuse/internal/filesystem/directory/node/main.go:166.2,168.29 2 0
fuse_video_streamer/filesystem/driver/provider/fuse/internal/filesystem/directory/node/main.go:169.21,170.64 1 0
fuse_video_streamer/filesystem/driver/provider/fuse/internal/filesystem/directory/node/main.go:171.25,172.32 1 0
fuse_video_streamer/filesystem/driver/provider/fuse/internal/filesystem/directory/node/main.go:172.32,174.4 1 0
fuse_video_streamer/filesystem/driver/provider/fuse/internal/filesystem/directory/node/main.go:174.9,176.4 1 0
fuse_video_streamer/filesystem/driver/provider/fuse/internal/filesystem/directory/node/main.go:177.25,179.17 2 0
fuse_video_streamer/filesystem/driver/provider/fuse/internal/filesystem/directory/node/main.go:179.17,182.4 2 0
fuse_video_streamer/filesystem/driver/provider/fuse/internal/filesystem/directory/node/main.go:184.3,184.73 1 0
fuse_video_streamer/filesystem/driver/provider/fuse/internal/filesystem/directory/node/main.go:185.10,188.29 3 0
fuse_video_streamer/filesystem/driver/provider/fuse/internal/filesystem/directory/node/main.go:192.88,193.21 1 0
fuse_video_streamer/filesystem/driver/provider/fuse/internal/filesystem/directory/node/main.go:193.21,195.3 1 0
fuse_video_streamer/filesystem/driver/provider/fuse/internal/filesystem/directory/node/main.go:197.2,203.16 5 0
fuse_video_streamer/filesystem/driver/provider/fuse/internal/filesystem/directory/node/main.go:203.16,207.3 3 0
fuse_video_streamer/filesystem/driver/provider/fuse/internal/filesystem/directory/node/main.go:209.2,209.12 1 0
fuse_video_streamer/filesystem/driver/provider/fuse/internal/filesystem/directory/node/main.go:212.98,213.21 1 0
fuse_video_streamer/filesystem/driver/provider/fuse/internal/filesystem/directory/node/main.go:213.21,215.3 1 0
fuse_video_streamer/filesystem/driver/provider/fuse/internal/filesystem/directory/node/main.go:217.2,221.9 4 0
fuse_video_streamer/filesystem/driver/provider/fuse/internal/filesystem/directory/node/main.go:221.9,223.3 1 0
fuse_video_streamer/filesystem/driver/provider/fuse/internal/filesystem/directory/node/main.go:225.2,228.16 3 0
fuse_video_streamer/filesystem/driver/provider/fuse/internal/filesystem/directory/node/main.go:228.16,232.3 3 0
fuse_video_streamer/filesystem/driver/provider/fuse/internal/filesystem/directory/node/main.go:234.2,234.12 1 0
fuse_video_streamer/filesystem/driver/provider/fuse/internal/filesystem/directory/node/main.go:237.135,238.21 1 0
fuse_video_streamer/filesystem/driver/provider/fuse/internal/filesystem/directory/node/main.go:238.21,240.3 1 0
fuse_video_streamer/filesystem/driver/provider/fuse/internal/filesystem/directory/node/main.go:242.2,248.16 5 0
fuse_video_streamer/filesystem/driver/provider/fuse/internal/filesystem/directory/node/main.go:248.16,252.3 3 0
fuse_video_streamer/filesystem/driver/provider/fuse/internal/filesystem/directory/node/main.go:254.2,255.16 2 0
fuse_video_streamer/filesystem/driver/provider/fuse/internal/filesystem/directory/node/main.go:255.16,259.3 3 0
fuse_video_streamer/filesystem/driver/provider/fuse/internal/filesystem/directory/node/main.go:261.2,262.16 2 0
fuse_video_streamer/filesystem/driver/provider/fuse/internal/filesystem/directory/node/main.go:262.16,266.3 3 0
fuse_video_streamer/filesystem/driver/provider/fuse/internal/filesystem/directory/node/main.go:268.2,269.16 2 0
fuse_video_streamer/filesystem/driver/provider/fuse/internal/filesystem/directory/node/main.go:269.16,273.3 3 0
fuse_video_streamer/filesystem/driver/provider/fuse/internal/filesystem/directory/node/main.go:275.2,275.30 1 0
fuse_video_streamer/filesystem/driver/provider/fuse/internal/filesystem/directory/node/main.go:278.91,279.21 1 0
fuse_video_streamer/filesystem/driver/provider/fuse/internal/filesystem/directory/node/main.go:279.21,281.3 1 0
fuse_video_streamer/filesystem/driver/provider/fuse/internal/filesystem/directory/node/main.go:283.2,289.16 5 0
fuse_video_streamer/filesystem/driver/provider/fuse/internal/filesystem/directory/node/main.go:289.16,293.3 3 0
fuse_video_streamer/filesystem/driver/provider/fuse/internal/filesystem/directory/node/main.go:295.2,295.73 1 0
fuse_video_streamer/filesystem/driver/provider/fuse/internal/filesystem/directory/node/main.go:298.106,299.21 1 0
fuse_video_streamer/filesystem/driver/provider/fuse/internal/filesystem/directory/node/main.go:299.21,301.3 1 0
fuse_video_streamer/filesystem/driver/provider/fuse/internal/filesystem/directory/node/main.go:303.2,307.9 4 0
fuse_video_streamer/filesystem/driver/provider/fuse/internal/filesystem/directory/node/main.go:307.9,311.3 3 0
fuse_video_streamer/filesystem/driver/provider/fuse/internal/filesystem/directory/node/main.go:313.2,316.16 3 0
fuse_video_streamer/filesystem/driver/provider/fuse/internal/filesystem/directory/node/main.go:316.16,320.3 3 0
fuse_video_streamer/filesystem/driver/provider/fuse/internal/filesystem/directory/node/main.go:322.2,322.21 1 0
fuse_video_streamer/filesystem/driver/provider/fuse/internal/filesystem/directory/node/main.go:325.33,326.46 1 0
fuse_video_streamer/filesystem/driver/provider/fuse/internal/filesystem/directory/node/main.go:326.46,328.3 1 0
fuse_video_streamer/filesystem/driver/provider/fuse/internal/filesystem/directory/node/main.go:330.2,330.38 1 0
fuse_video_streamer/filesystem/driver/provider/fuse/internal/filesystem/directory/node/main.go:330.38,333.3 2 0
fuse_video_streamer/filesystem/driver/provider/fuse/internal/filesystem/directory/node/main.go:335.2,335.12 1 0
fuse_video_streamer/filesystem/driver/provider/fuse/internal/filesystem/directory/node/main.go:338.35,340.2 1 0
fuse_video_streamer/filesystem/driver/provider/fuse/internal/filesystem/directory/handle/service/factory/main.go:16.66,20.2 1 0
fuse_video_streamer/filesystem/driver/provider/fuse/internal/filesystem/directory/handle/service/factory/main.go:22.70,24.2 1 0
fuse_video_streamer/filesystem/driver/provider/fuse/internal/filesystem/directory/node/service/main.go:42.49,58.2 3 0
fuse_video_streamer/filesystem/driver/provider/fuse/internal/filesystem/directory/node/service/main.go:60.144,61.24 1 0
fuse_video_streamer/filesystem/driver/provider/fuse/internal/filesystem/directory/node/service/main.go:61.24,63.3 1 0
fuse_video_streamer/filesystem/driver/provider/fuse/internal/filesystem/directory/node/service/main.go:65.2,69.16 4 0
fuse_video_streamer/filesystem/driver/provider/fuse/internal/filesystem/directory/node/service/main.go:69.16,72.3 2 0
fuse_video_streamer/filesystem/driver/provider/fuse/internal/filesystem/directory/node/service/main.go:74.2,75.16 2 0
fuse_video_streamer/filesystem/driver/provider/fuse/internal/filesystem/directory/node/service/main.go:75.16,78.3 2 0
fuse_video_streamer/filesystem/driver/provider/fuse/internal/filesystem/directory/node/service/main.go:80.2,81.16 2 0
fuse_video_streamer/filesystem/driver/provider/fuse/internal/filesystem/directory/node/service/main.go:81.16,84.3 2 0
fuse_video_streamer/filesystem/driver/provider/fuse/internal/filesystem/directory/node/service/main.go:86.2,87.16 2 0
fuse_video_streamer/filesystem/driver/provider/fuse/internal/filesystem/directory/node/service/main.go:87.16,90.3 2 0
fuse_video_streamer/filesystem/driver/provider/fuse/internal/filesystem/directory/node/service/main.go:92.2,95.16 3 0
fuse_video_streamer/filesystem/driver/provider/fuse/internal/filesystem/directory/node/service/main.go:95.16,98.3 2 0
fuse_video_streamer/filesystem/driver/provider/fuse/internal/filesystem/directory/node/service/main.go:100.2,101.16 2 0
fuse_video_streamer/filesystem/driver/provider/fuse/internal/filesystem/directory/node/service/main.go:101.16,104.3 2 0
fuse_video_streamer/filesystem/driver/provider/fuse/internal/filesystem/directory/node/service/main.go:106.2,108.21 2 0
fuse_video_streamer/filesystem/driver/provider/fuse/internal/filesystem/directory/node/service/main.go:111.39,112.49 1 0
fuse_video_streamer/filesystem/driver/provider/fuse/internal/filesystem/directory/node/service/main.go:112.49,114.3 1 0
fuse_video_streamer/filesystem/driver/provider/fuse/internal/filesystem/directory/node/service/main.go:116.2,116.12 1 0
fuse_video_streamer/filesystem/driver/provider/fuse/internal/filesystem/directory/node/service/main.go:119.41,121.2 1 0
fuse_video_streamer/filesystem/driver/provider/fuse/internal/filesystem/directory/node/service/factory/main.go:20.66,24.2 1 0
fuse_video_streamer/filesystem/driver/provider/fuse/internal/filesystem/directory/node/service/factory/main.go:26.146,32.16 5 0
fuse_video_streamer/filesystem/driver/provider/fuse/internal/filesystem/directory/node/service/factory/main.go:32.16,34.3 1 0
fuse_video_streamer/filesystem/driver/provider/fuse/internal/filesystem/directory/node/service/factory/main.go:36.2,44.3 1 0
fuse_video_streamer/filesystem/driver/provider/fuse/internal/filesystem/file/handle/main.go:29.82,38.2 2 0
fuse_video_streamer/filesystem/driver/provider/fuse/internal/filesystem/file/handle/main.go:40.46,42.2 1 0
fuse_video_streamer/filesystem/driver/provider/fuse/internal/filesystem/file/handle/main.go:44.68,45.23 1 0
fuse_video_streamer/filesystem/driver/provider/fuse/internal/filesystem/file/handle/main.go:45.23,47.3 1 0
fuse_video_streamer/filesystem/driver/provider/fuse/internal/filesystem/file/handle/main.go:49.2,57.16 6 0
fuse_video_streamer/filesystem/driver/provider/fuse/internal/filesystem/file/handle/main.go:57.16,59.3 1 0
fuse_video_streamer/filesystem/driver/provider/fuse/internal/filesystem/file/handle/main.go:61.2,61.18 1 0
fuse_video_streamer/filesystem/driver/provider/fuse/internal/filesystem/file/handle/main.go:64.119,65.23 1 0
fuse_video_streamer/filesystem/driver/provider/fuse/internal/filesystem/file/handle/main.go:65.23,67.3 1 0
fuse_video_streamer/filesystem/driver/provider/fuse/internal/filesystem/file/handle/main.go:69.2,76.16 6 0
fuse_video_streamer/filesystem/driver/provider/fuse/internal/filesystem/file/handle/main.go:76.16,78.3 1 0
fuse_video_streamer/filesystem/driver/provider/fuse/internal/filesystem/file/handle/main.go:80.2,82.12 2 0
fuse_video_streamer/filesystem/driver/provider/fuse/internal/filesystem/file/handle/main.go:85.124,86.23 1 0
fuse_video_streamer/filesystem/driver/provider/fuse/internal/filesystem/file/handle/main.go:86.23,88.3 1 0
fuse_video_streamer/filesystem/driver/provider/fuse/internal/filesystem/file/handle/main.go:90.2,97.16 6 0
fuse_video_streamer/filesystem/driver/provider/fuse/internal/filesystem/file/handle/main.go:97.16,99.3 1 0
fuse_video_streamer/filesystem/driver/provider/fuse/internal/filesystem/file/handle/main.go:101.2,103.12 2 0
fuse_video_streamer/filesystem/driver/provider/fuse/internal/filesystem/file/handle/main.go:106.95,107.23 1 0
fuse_video_streamer/filesystem/driver/provider/fuse/internal/filesystem/file/handle/main.go:107.23,109.3 1 0
fuse_video_streamer/filesystem/driver/provider/fuse/internal/filesystem/file/handle/main.go:111.2,114.12 3 0
fuse_video_streamer/filesystem/driver/provider/fuse/internal/filesystem/file/handle/main.go:117.89,118.23 1 0
fuse_video_streamer/filesystem/driver/provider/fuse/internal/filesystem/file/handle/main.go:118.23,120.3 1 0
fuse_video_streamer/filesystem/driver/provider/fuse/internal/filesystem/file/handle/main.go:122.2,125.12 3 0
fuse_video_streamer/filesystem/driver/provider/fuse/internal/filesystem/file/handle/main.go:128.89,129.23 1 0
fuse_video_streamer/filesystem/driver/provider/fuse/internal/filesystem/file/handle/main.go:129.23,131.3 1 0
fuse_video_streamer/filesystem/driver/provider/fuse/internal/filesystem/file/handle/main.go:133.2,136.12 3 0
fuse_video_streamer/filesystem/driver/provider/fuse/internal/filesystem/file/handle/main.go:139.37,140.48 1 0
fuse_video_streamer/filesystem/driver/provider/fuse/internal/filesystem/file/handle/main.go:140.48,142.3 1 0
fuse_video_streamer/filesystem/driver/provider/fuse/internal/filesystem/file/handle/main.go:144.2,144.12 1 0
fuse_video_streamer/filesystem/driver/provider/fuse/internal/filesystem/file/handle/main.go:147.39,149.2 1 0
fuse_video_streamer/filesystem/driver/provider/fuse/internal/filesystem/file/handle/service/main.go:21.66,25.2 1 0
fuse_video_streamer/filesystem/driver/provider/fuse/internal/filesystem/file/handle/service/main.go:27.96,28.24 1 0
fuse_video_streamer/filesystem/driver/provider/fuse/internal/filesystem/file/handle/service/main.go:28.24,30.3 1 0
fuse_video_streamer/filesystem/driver/provider/fuse/internal/filesystem/file/handle/service/main.go:32.2,33.16 2 0
fuse_video_streamer/filesystem/driver/provider/fuse/internal/filesystem/file/handle/service/main.go:33.16,35.3 1 0
fuse_video_streamer/filesystem/driver/provider/fuse/internal/filesystem/file/handle/service/main.go:37.2,37.38 1 0
fuse_video_streamer/filesystem/driver/provider/fuse/internal/filesystem/file/handle/service/main.go:40.39,41.49 1 0
fuse_video_streamer/filesystem/driver/provider/fuse/internal/filesystem/file/handle/service/main.go:41.49,43.3 1 0
fuse_video_streamer/filesystem/driver/provider/fuse/internal/filesystem/file/handle/service/main.go:45.2,45.12 1 0
fuse_video_streamer/filesystem/driver/provider/fuse/internal/filesystem/file/handle/service/main.go:48.41,50.2 1 0
fuse_video_streamer/filesystem/driver/provider/fuse/internal/filesystem/file/handle/service/factory/main.go:17.66,21.2 1 0
fuse_video_streamer/filesystem/driver/provider/fuse/internal/filesystem/file/handle/service/factory/main.go:23.65,25.2 1 0
fuse_video_streamer/filesystem/driver/provider/fuse/internal/filesystem/file/node/main.go:51.9,67.2 2 0
fuse_video_streamer/filesystem/driver/provider/fuse/internal/filesystem/file/node/main.go:69.42,71.2 1 0
fuse_video_streamer/filesystem/driver/provider/fuse/internal/filesystem/file/node/main.go:73.48,75.2 1 0
fuse_video_streamer/filesystem/driver/provider/fuse/internal/filesystem/file/node/main.go:77.36,79.2 1 0
fuse_video_streamer/filesystem/driver/provider/fuse/internal/filesystem/file/node/main.go:81.67,83.2 1 0
fuse_video_streamer/filesystem/driver/provider/fuse/internal/filesystem/file/node/main.go:85.68,86.21 1 0
fuse_video_streamer/filesystem/driver/provider/fuse/internal/filesystem/file/node/main.go:86.21,88.3 1 0
fuse_video_streamer/filesystem/driver/provider/fuse/internal/filesystem/file/node/main.go:90.2,93.12 3 0
fuse_video_streamer/filesystem/driver/provider/fuse/internal/filesystem/file/node/main.go:96.128,97.21 1 0
fuse_video_streamer/filesystem/driver/provider/fuse/internal/filesystem/file/node/main.go:97.21,100.3 2 0
fuse_video_streamer/filesystem/driver/provider/fuse/internal/filesystem/file/node/main.go:102.2,106.16 4 0
fuse_video_streamer/filesystem/driver/provider/fuse/internal/filesystem/file/node/main.go:106.16,110.3 3 0
fuse_video_streamer/filesystem/driver/provider/fuse/internal/filesystem/file/node/main.go:112.2,114.20 2 0
fuse_video_streamer/filesystem/driver/provider/fuse/internal/filesystem/file/node/main.go:117.33,118.46 1 0
fuse_video_streamer/filesystem/driver/provider/fuse/internal/filesystem/file/node/main.go:118.46,120.3 1 0
fuse_video_streamer/filesystem/driver/provider/fuse/internal/filesystem/file/node/main.go:122.2,127.38 4 0
fuse_video_streamer/filesystem/driver/provider/fuse/internal/filesystem/file/node/main.go:127.38,130.13 2 0
fuse_video_streamer/filesystem/driver/provider/fuse/internal/filesystem/file/node/main.go:130.13,134.4 3 0
fuse_video_streamer/filesystem/driver/provider/fuse/internal/filesystem/file/node/main.go:137.2,141.12 3 0
fuse_video_streamer/filesystem/driver/provider/fuse/internal/filesystem/file/node/main.go:144.35,146.2 1 0
fuse_video_streamer/filesystem/driver/provider/fuse/internal/filesystem/file/node/service/main.go:43.44,55.2 2 0
fuse_video_streamer/filesystem/driver/provider/fuse/internal/filesystem/file/node/service/main.go:57.139,58.24 1 0
fuse_video_streamer/filesystem/driver/provider/fuse/internal/filesystem/file/node/service/main.go:58.24,60.3 1 0
fuse_video_streamer/filesystem/driver/provider/fuse/internal/filesystem/file/node/service/main.go:62.2,70.16 7 0
fuse_video_streamer/filesystem/driver/provider/fuse/internal/filesystem/file/node/service/main.go:70.16,73.3 2 0
fuse_video_streamer/filesystem/driver/provider/fuse/internal/filesystem/file/node/service/main.go:75.2,76.16 2 0
fuse_video_streamer/filesystem/driver/provider/fuse/internal/filesystem/file/node/service/main.go:76.16,80.3 3 0
fuse_video_streamer/filesystem/driver/provider/fuse/internal/filesystem/file/node/service/main.go:82.2,90.21 5 0
fuse_video_streamer/filesystem/driver/provider/fuse/internal/filesystem/file/node/service/main.go:93.39,94.49 1 0
fuse_video_streamer/filesystem/driver/provider/fuse/internal/filesystem/file/node/service/main.go:94.49,96.3 1 0
fuse_video_streamer/filesystem/driver/provider/fuse/internal/filesystem/file/node/service/main.go:98.2,98.12 1 0
fuse_video_streamer/filesystem/driver/provider/fuse/internal/filesystem/file/node/service/main.go:101.41,103.2 1 0
fuse_video_streamer/filesystem/driver/provider/fuse/internal/filesystem/file/node/service/factory/main.go:19.66,23.2 1 0
fuse_video_streamer/filesystem/driver/provider/fuse/internal/filesystem/file/node/service/factory/main.go:25.138,27.16 2 0
fuse_video_streamer/filesystem/driver/provider/fuse/internal/filesystem/file/node/service/factory/main.go:27.16,29.3 1 0
fuse_video_streamer/filesystem/driver/provider/fuse/internal/filesystem/file/node/service/factory/main.go:31.2,33.116 2 0
fuse_video_streamer/filesystem/driver/provider/fuse/internal/filesystem/root/node/main.go:50.18,66.2 1 0
fuse_video_streamer/filesystem/driver/provider/fuse/internal/filesystem/root/node/main.go:68.42,70.2 1 0
fuse_video_streamer/filesystem/driver/provider/fuse/internal/filesystem/root/node/main.go:72.68,73.21 1 0
fuse_video_streamer/filesystem/driver/provider/fuse/internal/filesystem/root/node/main.go:73.21,75.3 1 0
fuse_video_streamer/filesystem/driver/provider/fuse/internal/filesystem/root/node/main.go:77.2,82.12 4 0
fuse_video_streamer/filesystem/driver/provider/fuse/internal/filesystem/root/node/main.go:85.128,86.21 1 0
fuse_video_streamer/filesystem/driver/provider/fuse/internal/filesystem/root/node/main.go:86.21,88.3 1 0
fuse_video_streamer/filesystem/driver/provider/fuse/internal/filesystem/root/node/main.go:90.2,93.18 3 0
fuse_video_streamer/filesystem/driver/provider/fuse/internal/filesystem/root/node/main.go:96.136,97.21 1 0
fuse_video_streamer/filesystem/driver/provider/fuse/internal/filesystem/root/node/main.go:97.21,99.3 1 0
fuse_video_streamer/filesystem/driver/provider/fuse/internal/filesystem/root/node/main.go:101.2,105.16 4 0
fuse_video_streamer/filesystem/driver/provider/fuse/internal/filesystem/root/node/main.go:105.16,107.3 1 0
fuse_video_streamer/filesystem/driver/provider/fuse/internal/filesystem/root/node/main.go:109.2,112.16 3 0
fuse_video_streamer/filesystem/driver/provider/fuse/internal/filesystem/root/node/main.go:112.16,116.3 3 0
fuse_video_streamer/filesystem/driver/provider/fuse/internal/filesystem/root/node/main.go:118.2,119.16 2 0
fuse_video_streamer/filesystem/driver/provider/fuse/internal/filesystem/root/node/main.go:119.16,123.3 3 0
fuse_video_streamer/filesystem/driver/provider/fuse/internal/filesystem/root/node/main.go:125.2,125.52 1 0
fuse_video_streamer/filesystem/driver/provider/fuse/internal/filesystem/root/node/main.go:128.74,129.21 1 0
fuse_video_streamer/filesystem/driver/provider/fuse/internal/filesystem/root/node/main.go:129.21,131.3 1 0
fuse_video_streamer/filesystem/driver/provider/fuse/internal/filesystem/root/node/main.go:133.2,137.16 4 0
fuse_video_streamer/filesystem/driver/provider/fuse/internal/filesystem/root/node/main.go:137.16,139.3 1 0
fuse_video_streamer/filesystem/driver/provider/fuse/internal/filesystem/root/node/main.go:141.2,142.33 2 0
fuse_video_streamer/filesystem/driver/provider/fuse/internal/filesystem/root/node/main.go:142.33,147.3 1 0
fuse_video_streamer/filesystem/driver/provider/fuse/internal/filesystem/root/node/main.go:149.2,149.21 1 0
fuse_video_streamer/filesystem/driver/provider/fuse/internal/filesystem/root/node/main.go:152.33,153.46 1 0
fuse_video_streamer/filesystem/driver/provider/fuse/internal/filesystem/root/node/main.go:153.46,155.3 1 0
fuse_video_streamer/filesystem/driver/provider/fuse/internal/filesystem/root/node/main.go:157.2,160.12 3 0
fuse_video_streamer/filesystem/driver/provider/fuse/internal/filesystem/root/node/main.go:163.35,165.2 1 0
fuse_video_streamer/filesystem/driver/provider/fuse/internal/filesystem/root/node/service/factory/main.go:28.82,30.16 2 0
fuse_video_streamer/filesystem/driver/provider/fuse/internal/filesystem/root/node/service/factory/main.go:30.16,32.3 1 0
fuse_video_streamer/filesystem/driver/provider/fuse/internal/filesystem/root/node/service/factory/main.go:34.2,35.16 2 0
fuse_video_streamer/filesystem/driver/provider/fuse/internal/filesystem/root/node/service/factory/main.go:35.16,37.3 1 0
fuse_video_streamer/filesystem/driver/provider/fuse/internal/filesystem/root/node/service/factory/main.go:39.2,49.8 3 0
fuse_video_streamer/filesystem/driver/provider/fuse/internal/filesystem/root/node/service/factory/main.go:52.104,54.16 2 0
fuse_video_streamer/filesystem/driver/provider/fuse/internal/filesystem/root/node/service/factory/main.go:54.16,56.3 1 0
fuse_video_streamer/filesystem/driver/provider/fuse/internal/filesystem/root/node/service/factory/main.go:58.2,65.8 1 0
fuse_video_streamer/filesystem/driver/provider/fuse/internal/filesystem/root/node/service/main.go:41.12,54.2 1 0
fuse_video_streamer/filesystem/driver/provider/fuse/internal/filesystem/root/node/service/main.go:56.65,57.24 1 0
fuse_video_streamer/filesystem/driver/provider/fuse/internal/filesystem/root/node/service/main.go:57.24,60.3 2 0
fuse_video_streamer/filesystem/driver/provider/fuse/internal/filesystem/root/node/service/main.go:62.2,63.16 2 0
fuse_video_streamer/filesystem/driver/provider/fuse/internal/filesystem/root/node/service/main.go:63.16,66.3 2 0
fuse_video_streamer/filesystem/driver/provider/fuse/internal/filesystem/root/node/service/main.go:69.2,70.16 2 0
fuse_video_streamer/filesystem/driver/provider/fuse/internal/filesystem/root/node/service/main.go:70.16,73.3 2 0
fuse_video_streamer/filesystem/driver/provider/fuse/internal/filesystem/root/node/service/main.go:75.2,87.16 3 0
fuse_video_streamer/filesystem/driver/provider/fuse/internal/filesystem/root/node/service/main.go:87.16,90.3 2 0
fuse_video_streamer/filesystem/driver/provider/fuse/internal/filesystem/root/node/service/main.go:92.2,93.16 2 0
fuse_video_streamer/filesystem/driver/provider/fuse/internal/filesystem/root/node/service/main.go:93.16,96.3 2 0
fuse_video_streamer/filesystem/driver/provider/fuse/internal/filesystem/root/node/service/main.go:98.2,98.22 1 0
fuse_video_streamer/filesystem/driver/provider/fuse/internal/filesystem/root/node/service/main.go:101.39,102.49 1 0
fuse_video_streamer/filesystem/driver/provider/fuse/internal/filesystem/root/node/service/main.go:102.49,104.3 1 0
fuse_video_streamer/filesystem/driver/provider/fuse/internal/filesystem/root/node/service/main.go:106.2,106.12 1 0
fuse_video_streamer/filesystem/driver/provider/fuse/internal/filesystem/root/node/service/main.go:109.41,111.2 1 0
fuse_video_streamer/filesystem/driver/provider/fuse/internal/filesystem/streamable/handle/main.go:43.121,55.2 2 0
fuse_video_streamer/filesystem/driver/provider/fuse/internal/filesystem/streamable/handle/main.go:57.46,59.2 1 0
fuse_video_streamer/filesystem/driver/provider/fuse/internal/filesystem/streamable/handle/main.go:61.119,62.23 1 0
fuse_video_streamer/filesystem/driver/provider/fuse/internal/filesystem/streamable/handle/main.go:62.23,66.3 3 0
fuse_video_streamer/filesystem/driver/provider/fuse/internal/filesystem/streamable/handle/main.go:68.2,72.19 4 0
fuse_video_streamer/filesystem/driver/provider/fuse/internal/filesystem/streamable/handle/main.go:72.19,77.3 4 0
fuse_video_streamer/filesystem/driver/provider/fuse/internal/filesystem/streamable/handle/main.go:79.2,82.23 3 0
fuse_video_streamer/filesystem/driver/provider/fuse/internal/filesystem/streamable/handle/main.go:82.23,86.3 3 0
fuse_video_streamer/filesystem/driver/provider/fuse/internal/filesystem/streamable/handle/main.go:88.2,95.13 5 0
fuse_video_streamer/filesystem/driver/provider/fuse/internal/filesystem/streamable/handle/main.go:97.11,99.13 2 0
fuse_video_streamer/filesystem/driver/provider/fuse/internal/filesystem/streamable/handle/main.go:101.14,103.13 2 0
fuse_video_streamer/filesystem/driver/provider/fuse/internal/filesystem/streamable/handle/main.go:105.10,111.13 4 0
fuse_video_streamer/filesystem/driver/provider/fuse/internal/filesystem/streamable/handle/main.go:115.95,119.2 2 0
fuse_video_streamer/filesystem/driver/provider/fuse/internal/filesystem/streamable/handle/main.go:121.37,122.48 1 0
fuse_video_streamer/filesystem/driver/provider/fuse/internal/filesystem/streamable/handle/main.go:122.48,124.3 1 0
fuse_video_streamer/filesystem/driver/provider/fuse/internal/filesystem/streamable/handle/main.go:126.2,126.26 1 0
fuse_video_streamer/filesystem/driver/provider/fuse/internal/filesystem/streamable/handle/main.go:126.26,128.3 1 0
fuse_video_streamer/filesystem/driver/provider/fuse/internal/filesystem/streamable/handle/main.go:130.2,130.12 1 0
fuse_video_streamer/filesystem/driver/provider/fuse/internal/filesystem/streamable/handle/main.go:133.39,135.2 1 0
fuse_video_streamer/filesystem/driver/provider/fuse/internal/filesystem/streamable/handle/service/main.go:34.12,42.2 1 0
fuse_video_streamer/filesystem/driver/provider/fuse/internal/filesystem/streamable/handle/service/main.go:44.73,45.24 1 0
fuse_video_streamer/filesystem/driver/provider/fuse/internal/filesystem/streamable/handle/service/main.go:45.24,48.3 2 0
fuse_video_streamer/filesystem/driver/provider/fuse/internal/filesystem/streamable/handle/service/main.go:50.2,51.16 2 0
fuse_video_streamer/filesystem/driver/provider/fuse/internal/filesystem/streamable/handle/service/main.go:51.16,54.3 2 0
fuse_video_streamer/filesystem/driver/provider/fuse/internal/filesystem/streamable/handle/service/main.go:56.2,57.16 2 0
fuse_video_streamer/filesystem/driver/provider/fuse/internal/filesystem/streamable/handle/service/main.go:57.16,60.3 2 0
fuse_video_streamer/filesystem/driver/provider/fuse/internal/filesystem/streamable/handle/service/main.go:62.2,62.54 1 0
fuse_video_streamer/filesystem/driver/provider/fuse/internal/filesystem/streamable/handle/service/main.go:65.39,66.49 1 0
fuse_video_streamer/filesystem/driver/provider/fuse/internal/filesystem/streamable/handle/service/main.go:66.49,68.3 1 0
fuse_video_streamer/filesystem/driver/provider/fuse/internal/filesystem/streamable/handle/service/main.go:70.2,72.12 2 0
fuse_video_streamer/filesystem/driver/provider/fuse/internal/filesystem/streamable/handle/service/main.go:75.41,77.2 1 0
fuse_video_streamer/filesystem/driver/provider/fuse/internal/filesystem/streamable/handle/service/factory/main.go:19.66,23.2 1 0
fuse_video_streamer/filesystem/driver/provider/fuse/internal/filesystem/streamable/handle/service/factory/main.go:25.159,29.16 3 0
fuse_video_streamer/filesystem/driver/provider/fuse/internal/filesystem/streamable/handle/service/factory/main.go:29.16,31.3 1 0
fuse_video_streamer/filesystem/driver/provider/fuse/internal/filesystem/streamable/handle/service/factory/main.go:33.2,35.21 2 0
fuse_video_streamer/filesystem/driver/provider/fuse/internal/filesystem/streamable/node/main.go:44.18,55.16 3 0
fuse_video_streamer/filesystem/driver/provider/fuse/internal/filesystem/streamable/node/main.go:55.16,58.3 2 0
fuse_video_streamer/filesystem/driver/provider/fuse/internal/filesystem/streamable/node/main.go:60.2,62.18 2 0
fuse_video_streamer/filesystem/driver/provider/fuse/internal/filesystem/streamable/node/main.go:65.42,67.2 1 0
fuse_video_streamer/filesystem/driver/provider/fuse/internal/filesystem/streamable/node/main.go:69.48,71.2 1 0
fuse_video_streamer/filesystem/driver/provider/fuse/internal/filesystem/streamable/node/main.go:73.36,75.2 1 0
fuse_video_streamer/filesystem/driver/provider/fuse/internal/filesystem/streamable/node/main.go:77.67,79.2 1 0
fuse_video_streamer/filesystem/driver/provider/fuse/internal/filesystem/streamable/node/main.go:81.68,82.21 1 0
fuse_video_streamer/filesystem/driver/provider/fuse/internal/filesystem/streamable/node/main.go:82.21,84.3 1 0
fuse_video_streamer/filesystem/driver/provider/fuse/internal/filesystem/streamable/node/main.go:86.2,89.12 3 0
fuse_video_streamer/filesystem/driver/provider/fuse/internal/filesystem/streamable/node/main.go:92.128,93.21 1 0
fuse_video_streamer/filesystem/driver/provider/fuse/internal/filesystem/streamable/node/main.go:93.21,95.3 1 0
fuse_video_streamer/filesystem/driver/provider/fuse/internal/filesystem/streamable/node/main.go:97.2,101.16 4 0
fuse_video_streamer/filesystem/driver/provider/fuse/internal/filesystem/streamable/node/main.go:101.16,105.3 3 0
fuse_video_streamer/filesystem/driver/provider/fuse/internal/filesystem/streamable/node/main.go:107.2,109.20 2 0
fuse_video_streamer/filesystem/driver/provider/fuse/internal/filesystem/streamable/node/main.go:112.33,113.46 1 0
fuse_video_streamer/filesystem/driver/provider/fuse/internal/filesystem/streamable/node/main.go:113.46,115.3 1 0
fuse_video_streamer/filesystem/driver/provider/fuse/internal/filesystem/streamable/node/main.go:117.2,119.38 2 0
fuse_video_streamer/filesystem/driver/provider/fuse/internal/filesystem/streamable/node/main.go:119.38,121.3 1 0
fuse_video_streamer/filesystem/driver/provider/fuse/internal/filesystem/streamable/node/main.go:123.2,123.12 1 0
fuse_video_streamer/filesystem/driver/provider/fuse/internal/filesystem/streamable/node/main.go:126.35,128.2 1 0
fuse_video_streamer/filesystem/driver/provider/fuse/internal/filesystem/streamable/node/service/main.go:35.50,49.2 3 0
fuse_video_streamer/filesystem/driver/provider/fuse/internal/filesystem/streamable/node/service/main.go:51.145,52.24 1 0
fuse_video_streamer/filesystem/driver/provider/fuse/internal/filesystem/streamable/node/service/main.go:52.24,55.3 2 0
fuse_video_streamer/filesystem/driver/provider/fuse/internal/filesystem/streamable/node/service/main.go:57.2,60.16 3 0
fuse_video_streamer/filesystem/driver/provider/fuse/internal/filesystem/streamable/node/service/main.go:60.16,64.3 3 0
fuse_video_streamer/filesystem/driver/provider/fuse/internal/filesystem/streamable/node/service/main.go:66.2,67.16 2 0
fuse_video_streamer/filesystem/driver/provider/fuse/internal/filesystem/streamable/node/service/main.go:67.16,71.3 3 0
fuse_video_streamer/filesystem/driver/provider/fuse/internal/filesystem/streamable/node/service/main.go:73.2,76.16 3 0
fuse_video_streamer/filesystem/driver/provider/fuse/internal/filesystem/streamable/node/service/main.go:76.16,80.3 3 0
fuse_video_streamer/filesystem/driver/provider/fuse/internal/filesystem/streamable/node/service/main.go:82.2,86.21 3 0
fuse_video_streamer/filesystem/driver/provider/fuse/internal/filesystem/streamable/node/service/main.go:89.39,90.49 1 0
fuse_video_streamer/filesystem/driver/provider/fuse/internal/filesystem/streamable/node/service/main.go:90.49,92.3 1 0
fuse_video_streamer/filesystem/driver/provider/fuse/internal/filesystem/streamable/node/service/main.go:94.2,94.12 1 0
fuse_video_streamer/filesystem/driver/provider/fuse/internal/filesystem/streamable/node/service/main.go:97.41,99.2 1 0
fuse_video_streamer/filesystem/driver/provider/fuse/internal/filesystem/streamable/node/service/factory/main.go:19.66,23.2 1 0
fuse_video_streamer/filesystem/driver/provider/fuse/internal/filesystem/streamable/node/service/factory/main.go:25.147,27.16 2 0
fuse_video_streamer/filesystem/driver/provider/fuse/internal/filesystem/streamable/node/service/factory/main.go:27.16,29.3 1 0
fuse_video_streamer/filesystem/driver/provider/fuse/internal/filesystem/streamable/node/service/factory/main.go:31.2,33.130 2 0
fuse_video_streamer/filesystem/driver/provider/fuse/internal/filesystem/symlink/main.go:24.114,31.2 1 0
fuse_video_streamer/filesystem/driver/provider/fuse/internal/filesystem/symlink/main.go:33.74,37.2 2 0
fuse_video_streamer/filesystem/driver/provider/fuse/internal/filesystem/symlink/main.go:39.98,43.16 3 0
fuse_video_streamer/filesystem/driver/provider/fuse/internal/filesystem/symlink/main.go:43.16,48.3 3 0
fuse_video_streamer/filesystem/driver/provider/fuse/internal/filesystem/symlink/main.go:50.2,51.16 2 0
fuse_video_streamer/filesystem/driver/provider/fuse/internal/filesystem/symlink/main.go:51.16,54.3 2 0
fuse_video_streamer/filesystem/driver/provider/fuse/internal/filesystem/symlink/main.go:56.2,57.16 2 0
fuse_video_streamer/filesystem/driver/provider/fuse/internal/filesystem/symlink/main.go:57.16,61.3 2 0
fuse_video_streamer/filesystem/driver/provider/fuse/internal/filesystem/symlink/main.go:63.2,63.18 1 0
fuse_video_streamer/filesystem/driver/provider/fuse/internal/pool/main.go:23.19,25.4 1 0
fuse_video_streamer/filesystem/driver/provider/fuse/internal/pool/main.go:28.19,30.4 1 0
fuse_video_streamer/filesystem/driver/provider/fuse/internal/pool/main.go:33.19,35.4 1 0
fuse_video_streamer/filesystem/driver/provider/fuse/internal/pool/main.go:38.19,40.4 1 0
fuse_video_streamer/filesystem/driver/provider/fuse/internal/pool/main.go:45.39,48.20 2 0
fuse_video_streamer/filesystem/driver/provider/fuse/internal/pool/main.go:49.24,50.51 1 0
fuse_video_streamer/filesystem/driver/provider/fuse/internal/pool/main.go:51.25,52.52 1 0
fuse_video_streamer/filesystem/driver/provider/fuse/internal/pool/main.go:53.24,54.51 1 0
fuse_video_streamer/filesystem/driver/provider/fuse/internal/pool/main.go:55.10,56.49 1 0
fuse_video_streamer/filesystem/driver/provider/fuse/internal/pool/main.go:61.31,62.19 1 0
fuse_video_streamer/filesystem/driver/provider/fuse/internal/pool/main.go:62.19,64.3 1 0
fuse_video_streamer/filesystem/driver/provider/fuse/internal/pool/main.go:66.2,68.20 2 0
fuse_video_streamer/filesystem/driver/provider/fuse/internal/pool/main.go:69.24,70.41 1 0
fuse_video_streamer/filesystem/driver/provider/fuse/internal/pool/main.go:71.25,72.42 1 0
fuse_video_streamer/filesystem/driver/provider/fuse/internal/pool/main.go:73.24,74.41 1 0
fuse_video_streamer/filesystem/driver/provider/fuse/internal/pool/main.go:75.21,76.39 1 0
fuse_video_streamer/filesystem/driver/provider/fuse/internal/pool/main.go:77.10,79.9 1 0
fuse_video_streamer/filesystem/driver/provider/fuse/internal/pool/main.go:83.48,86.9 2 0
fuse_video_streamer/filesystem/driver/provider/fuse/internal/pool/main.go:87.33,88.26 1 0
fuse_video_streamer/filesystem/driver/provider/fuse/internal/pool/main.go:89.36,90.27 1 0
fuse_video_streamer/filesystem/driver/provider/fuse/internal/pool/main.go:91.36,92.26 1 0
fuse_video_streamer/filesystem/driver/provider/fuse/internal/pool/main.go:93.10,94.23 1 0
fuse_video_streamer/filesystem/driver/provider/fuse/internal/server/main.go:26.136,33.2 1 0
fuse_video_streamer/filesystem/driver/provider/fuse/internal/server/main.go:35.37,43.16 5 0
fuse_video_streamer/filesystem/driver/provider/fuse/internal/server/main.go:43.16,45.3 1 0
fuse_video_streamer/filesystem/driver/provider/fuse/internal/server/main.go:47.2,49.12 2 0
fuse_video_streamer/filesystem/driver/provider/fuse/internal/server/main.go:52.39,57.16 4 0
fuse_video_streamer/filesystem/driver/provider/fuse/internal/server/main.go:57.16,59.3 1 0
fuse_video_streamer/filesystem/driver/provider/fuse/internal/server/main.go:61.2,61.32 1 0
fuse_video_streamer/filesystem/driver/provider/fuse/internal/server/main.go:61.32,63.17 2 0
fuse_video_streamer/filesystem/driver/provider/fuse/internal/server/main.go:63.17,65.4 1 0
fuse_video_streamer/filesystem/driver/provider/fuse/internal/server/main.go:67.3,67.28 1 0
fuse_video_streamer/filesystem/driver/provider/fuse/internal/server/main.go:70.2,72.12 2 0
fuse_video_streamer/filesystem/driver/provider/fuse/internal/server/main.go:75.41,79.6 3 0
fuse_video_streamer/filesystem/driver/provider/fuse/internal/server/main.go:79.6,81.17 2 0
fuse_video_streamer/filesystem/driver/provider/fuse/internal/server/main.go:81.17,83.9 2 0
fuse_video_streamer/filesystem/driver/provider/fuse/internal/server/main.go:86.3,86.54 1 0
fuse_video_streamer/filesystem/driver/provider/fuse/internal/server/main.go:86.54,89.12 3 0
fuse_video_streamer/filesystem/driver/provider/fuse/internal/server/main.go:92.3,94.8 2 0
fuse_video_streamer/filesystem/driver/provider/fuse/internal/server/main.go:97.2,97.16 1 0
fuse_video_streamer/filesystem/driver/provider/fuse/internal/server/main.go:97.16,99.3 1 0
fuse_video_streamer/filesystem/driver/provider/fuse/internal/server/main.go:101.2,101.12 1 0
fuse_video_streamer/filesystem/driver/provider/fuse/internal/registry/main.go:22.72,23.19 1 0
fuse_video_streamer/filesystem/driver/provider/fuse/internal/registry/main.go:23.19,25.3 1 0
fuse_video_streamer/filesystem/driver/provider/fuse/internal/registry/main.go:27.2,30.16 3 0
fuse_video_streamer/filesystem/driver/provider/fuse/internal/registry/main.go:30.16,32.3 1 0
fuse_video_streamer/filesystem/driver/provider/fuse/internal/registry/main.go:34.2,34.51 1 0
fuse_video_streamer/filesystem/driver/provider/fuse/internal/registry/main.go:34.51,36.3 1 0
fuse_video_streamer/filesystem/driver/provider/fuse/internal/registry/main.go:38.2,48.17 4 0
fuse_video_streamer/filesystem/driver/provider/fuse/internal/registry/main.go:51.58,52.17 1 0
fuse_video_streamer/filesystem/driver/provider/fuse/internal/registry/main.go:52.17,54.3 1 0
fuse_video_streamer/filesystem/driver/provider/fuse/internal/registry/main.go:56.2,56.21 1 0
fuse_video_streamer/filesystem/driver/provider/fuse/internal/registry/main.go:56.21,58.3 1 0
fuse_video_streamer/filesystem/driver/provider/fuse/internal/registry/main.go:60.2,60.27 1 0
fuse_video_streamer/filesystem/driver/provider/fuse/internal/registry/main.go:60.27,62.3 1 0
fuse_video_streamer/filesystem/driver/provider/fuse/internal/registry/main.go:64.2,64.47 1 0
fuse_video_streamer/filesystem/driver/provider/fuse/internal/registry/main.go:67.40,70.38 2 0
fuse_video_streamer/filesystem/driver/provider/fuse/internal/registry/main.go:70.38,73.13 2 0
fuse_video_streamer/filesystem/driver/provider/fuse/internal/registry/main.go:73.13,77.4 3 0
fuse_video_streamer/filesystem/driver/provider/fuse/internal/registry/main.go:80.2,80.11 1 0
fuse_video_streamer/filesystem/driver/provider/fuse/internal/registry/main.go:83.14,84.37 1 0
fuse_video_streamer/filesystem/driver/provider/fuse/internal/registry/main.go:84.37,87.3 2 0
fuse_video_streamer/filesystem/driver/provider/fuse/internal/tree/main.go:18.18,23.2 1 0
fuse_video_streamer/filesystem/driver/provider/fuse/internal/tree/main.go:25.43,28.2 2 0
fuse_video_streamer/filesystem/driver/provider/fuse/internal/tree/main.go:30.93,31.17 1 0
fuse_video_streamer/filesystem/driver/provider/fuse/internal/tree/main.go:31.17,33.3 1 0
fuse_video_streamer/filesystem/driver/provider/fuse/internal/tree/main.go:35.2,35.46 1 0
fuse_video_streamer/filesystem/driver/provider/fuse/internal/tree/main.go:35.46,37.3 1 0
fuse_video_streamer/filesystem/driver/provider/fuse/internal/tree/main.go:39.2,41.12 2 0
fuse_video_streamer/filesystem/driver/provider/fuse/metrics/main.go:29.61,31.2 1 0
fuse_video_streamer/filesystem/driver/provider/fuse/metrics/main.go:33.44,36.55 2 0
fuse_video_streamer/filesystem/driver/provider/fuse/metrics/main.go:36.55,38.3 1 0
fuse_video_streamer/filesystem/driver/provider/fuse/metrics/main.go:40.2,40.89 1 0
fuse_video_streamer/filesystem/driver/provider/fuse/metrics/main.go:40.89,41.31 1 0
fuse_video_streamer/filesystem/driver/provider/fuse/metrics/main.go:41.31,42.33 1 0
fuse_video_streamer/filesystem/driver/provider/fuse/metrics/main.go:42.33,44.5 1 0
fuse_video_streamer/filesystem/driver/provider/fuse/metrics/main.go:45.4,45.13 1 0
fuse_video_streamer/filesystem/driver/provider/fuse/metrics/main.go:48.3,48.31 1 0
fuse_video_streamer/filesystem/driver/provider/fuse/metrics/main.go:48.31,50.4 1 0
fuse_video_streamer/filesystem/driver/provider/fuse/metrics/main.go:51.3,51.41 1 0
fuse_video_streamer/filesystem/driver/provider/fuse/metrics/main.go:54.2,55.16 2 0
fuse_video_streamer/filesystem/driver/provider/fuse/metrics/main.go:55.16,58.3 2 0
fuse_video_streamer/filesystem/driver/provider/fuse/metrics/main.go:60.2,60.13 1 0
fuse_video_streamer/filesystem/driver/provider/fuse/metrics/main.go:65.48,66.24 1 0
fuse_video_streamer/filesystem/driver/provider/fuse/metrics/main.go:66.24,68.3 1 0
fuse_video_streamer/filesystem/driver/provider/fuse/metrics/main.go:70.2,76.20 3 0
fuse_video_streamer/filesystem/driver/provider/fuse/metrics/main.go:79.60,80.50 1 0
fuse_video_streamer/filesystem/driver/provider/fuse/metrics/main.go:80.50,83.3 2 0
fuse_video_streamer/filesystem/driver/provider/fuse/metrics/main.go:85.2,87.68 2 0
fuse_video_streamer/filesystem/driver/provider/fuse/metrics/main.go:87.68,92.3 3 0
fuse_video_streamer/filesystem/driver/provider/fuse/metrics/main.go:94.2,95.39 2 0
fuse_video_streamer/filesystem/driver/provider/fuse/metrics/main.go:98.73,100.2 1 0
fuse_video_streamer/filesystem/driver/provider/fuse/metrics/stream_transfer.go:34.135,42.36 2 0
fuse_video_streamer/filesystem/driver/provider/fuse/metrics/stream_transfer.go:42.36,44.3 1 0
fuse_video_streamer/filesystem/driver/provider/fuse/metrics/stream_transfer.go:46.2,48.16 2 0
fuse_video_streamer/filesystem/driver/provider/fuse/metrics/stream_transfer.go:51.90,55.13 3 0
fuse_video_streamer/filesystem/driver/provider/fuse/metrics/stream_transfer.go:55.13,57.3 1 0
fuse_video_streamer/filesystem/driver/provider/fuse/metrics/stream_transfer.go:60.48,62.2 1 0
fuse_video_streamer/filesystem/driver/provider/fuse/metrics/stream_transfer.go:64.75,75.2 1 0
fuse_video_streamer/filesystem/driver/service/main.go:5.139,7.2 1 0
fuse_video_streamer/flags/main.go:9.13,11.2 1 0
fuse_video_streamer/flags/main.go:13.25,15.2 1 0
fuse_video_streamer/stream/drivers/http_ring_buffer/factory/main.go:32.12,37.2 1 0
fuse_video_streamer/stream/drivers/http_ring_buffer/factory/main.go:39.105,40.24 1 0
fuse_video_streamer/stream/drivers/http_ring_buffer/factory/main.go:40.24,42.3 1 0
fuse_video_streamer/stream/drivers/http_ring_buffer/factory/main.go:44.2,45.16 2 0
fuse_video_streamer/stream/drivers/http_ring_buffer/factory/main.go:45.16,47.3 1 0
fuse_video_streamer/stream/drivers/http_ring_buffer/factory/main.go:49.2,49.70 1 0
fuse_video_streamer/stream/drivers/http_ring_buffer/factory/main.go:52.73,53.85 1 0
fuse_video_streamer/stream/drivers/http_ring_buffer/factory/main.go:53.85,55.3 1 0
fuse_video_streamer/stream/drivers/http_ring_buffer/factory/main.go:57.2,60.16 3 0
fuse_video_streamer/stream/drivers/http_ring_buffer/factory/main.go:60.16,62.3 1 0
fuse_video_streamer/stream/drivers/http_ring_buffer/factory/main.go:64.2,69.17 2 0
fuse_video_streamer/stream/drivers/http_ring_buffer/factory/main.go:72.39,73.49 1 0
fuse_video_streamer/stream/drivers/http_ring_buffer/factory/main.go:73.49,75.3 1 0
fuse_video_streamer/stream/drivers/http_ring_buffer/factory/main.go:77.2,77.12 1 0
fuse_video_streamer/stream/drivers/http_ring_buffer/factory/main.go:80.41,82.2 1 0
fuse_video_streamer/logger/drivers/zap/factory.go:11.28,13.2 1 0
fuse_video_streamer/logger/drivers/zap/factory.go:15.72,17.16 2 0
fuse_video_streamer/logger/drivers/zap/factory.go:17.16,19.3 1 0
fuse_video_streamer/logger/drivers/zap/factory.go:21.2,21.20 1 0
fuse_video_streamer/logger/drivers/zap/main.go:20.64,25.47 3 0
fuse_video_streamer/logger/drivers/zap/main.go:25.47,27.3 1 0
fuse_video_streamer/logger/drivers/zap/main.go:30.2,31.16 2 0
fuse_video_streamer/logger/drivers/zap/main.go:31.16,33.3 1 0
fuse_video_streamer/logger/drivers/zap/main.go:36.2,45.28 3 0
fuse_video_streamer/logger/drivers/zap/main.go:48.61,49.41 1 0
fuse_video_streamer/logger/drivers/zap/main.go:49.41,51.3 1 0
fuse_video_streamer/logger/drivers/zap/main.go:53.2,54.16 2 0
fuse_video_streamer/logger/drivers/zap/main.go:54.16,56.3 1 0
fuse_video_streamer/logger/drivers/zap/main.go:58.2,60.20 2 0
fuse_video_streamer/logger/drivers/zap/main.go:70.49,74.16 3 0
fuse_video_streamer/logger/drivers/zap/main.go:74.16,76.3 1 0
fuse_video_streamer/logger/drivers/zap/main.go:78.2,81.8 1 0
fuse_video_streamer/logger/drivers/zap/main.go:84.46,90.2 4 0
fuse_video_streamer/logger/drivers/zap/main.go:92.45,98.2 4 0
fuse_video_streamer/logger/drivers/zap/main.go:100.57,106.2 4 0
fuse_video_streamer/logger/drivers/zap/main.go:108.58,114.2 4 0
fuse_video_streamer/logger/drivers/zap/main.go:116.47,122.2 4 0
fuse_video_streamer/logger/drivers/zap/main.go:124.33,128.2 2 0
fuse_video_streamer/stream/drivers/http_ring_buffer/main.go:55.48,58.9 2 0
fuse_video_streamer/stream/drivers/http_ring_buffer/main.go:59.33,60.26 1 0
fuse_video_streamer/stream/drivers/http_ring_buffer/main.go:61.36,62.27 1 0
fuse_video_streamer/stream/drivers/http_ring_buffer/main.go:63.36,64.26 1 0
fuse_video_streamer/stream/drivers/http_ring_buffer/main.go:65.10,66.23 1 0
fuse_video_streamer/stream/drivers/http_ring_buffer/main.go:70.51,73.9 2 0
fuse_video_streamer/stream/drivers/http_ring_buffer/main.go:74.38,75.31 1 0
fuse_video_streamer/stream/drivers/http_ring_buffer/main.go:76.39,77.32 1 0
fuse_video_streamer/stream/drivers/http_ring_buffer/main.go:78.38,79.31 1 0
fuse_video_streamer/stream/drivers/http_ring_buffer/main.go:80.10,81.24 1 0
fuse_video_streamer/stream/drivers/http_ring_buffer/main.go:85.98,109.2 6 0
fuse_video_streamer/stream/drivers/http_ring_buffer/main.go:111.42,113.2 1 0
fuse_video_streamer/stream/drivers/http_ring_buffer/main.go:115.36,117.2 1 0
fuse_video_streamer/stream/drivers/http_ring_buffer/main.go:119.36,121.2 1 0
fuse_video_streamer/stream/drivers/http_ring_buffer/main.go:123.73,124.23 1 0
fuse_video_streamer/stream/drivers/http_ring_buffer/main.go:124.23,126.3 1 0
fuse_video_streamer/stream/drivers/http_ring_buffer/main.go:128.2,131.26 3 0
fuse_video_streamer/stream/drivers/http_ring_buffer/main.go:131.26,133.3 1 0
fuse_video_streamer/stream/drivers/http_ring_buffer/main.go:135.2,137.54 2 0
fuse_video_streamer/stream/drivers/http_ring_buffer/main.go:137.54,139.17 2 0
fuse_video_streamer/stream/drivers/http_ring_buffer/main.go:139.17,141.4 1 0
fuse_video_streamer/stream/drivers/http_ring_buffer/main.go:144.2,146.59 2 0
fuse_video_streamer/stream/drivers/http_ring_buffer/main.go:146.59,151.32 4 0
fuse_video_streamer/stream/drivers/http_ring_buffer/main.go:151.32,153.4 1 0
fuse_video_streamer/stream/drivers/http_ring_buffer/main.go:156.2,156.46 1 0
fuse_video_streamer/stream/drivers/http_ring_buffer/main.go:159.37,160.48 1 0
fuse_video_streamer/stream/drivers/http_ring_buffer/main.go:160.48,162.3 1 0
fuse_video_streamer/stream/drivers/http_ring_buffer/main.go:164.2,166.26 2 0
fuse_video_streamer/stream/drivers/http_ring_buffer/main.go:166.26,168.17 2 0
fuse_video_streamer/stream/drivers/http_ring_buffer/main.go:168.17,170.4 1 0
fuse_video_streamer/stream/drivers/http_ring_buffer/main.go:172.3,172.22 1 0
fuse_video_streamer/stream/drivers/http_ring_buffer/main.go:175.2,175.28 1 0
fuse_video_streamer/stream/drivers/http_ring_buffer/main.go:175.28,177.17 2 0
fuse_video_streamer/stream/drivers/http_ring_buffer/main.go:177.17,179.4 1 0
fuse_video_streamer/stream/drivers/http_ring_buffer/main.go:181.3,181.24 1 0
fuse_video_streamer/stream/drivers/http_ring_buffer/main.go:184.2,184.12 1 0
fuse_video_streamer/stream/drivers/http_ring_buffer/main.go:187.39,189.2 1 0
fuse_video_streamer/stream/drivers/http_ring_buffer/main.go:191.62,192.23 1 0
fuse_video_streamer/stream/drivers/http_ring_buffer/main.go:192.23,194.3 1 0
fuse_video_streamer/stream/drivers/http_ring_buffer/main.go:196.2,196.26 1 0
fuse_video_streamer/stream/drivers/http_ring_buffer/main.go:196.26,198.3 1 0
fuse_video_streamer/stream/drivers/http_ring_buffer/main.go:200.2,200.28 1 0
fuse_video_streamer/stream/drivers/http_ring_buffer/main.go:200.28,203.3 2 0
fuse_video_streamer/stream/drivers/http_ring_buffer/main.go:205.2,211.16 5 0
fuse_video_streamer/stream/drivers/http_ring_buffer/main.go:211.16,213.3 1 0
fuse_video_streamer/stream/drivers/http_ring_buffer/main.go:215.2,222.16 5 0
fuse_video_streamer/stream/drivers/http_ring_buffer/main.go:222.16,224.3 1 0
fuse_video_streamer/stream/drivers/http_ring_buffer/main.go:226.2,229.12 3 0
fuse_video_streamer/stream/drivers/http_ring_buffer/internal/connection/main.go:30.74,31.23 1 0
fuse_video_streamer/stream/drivers/http_ring_buffer/internal/connection/main.go:31.23,33.3 1 0
fuse_video_streamer/stream/drivers/http_ring_buffer/internal/connection/main.go:35.2,44.24 3 0
fuse_video_streamer/stream/drivers/http_ring_buffer/internal/connection/main.go:47.61,48.27 1 0
fuse_video_streamer/stream/drivers/http_ring_buffer/internal/connection/main.go:48.27,50.3 1 0
fuse_video_streamer/stream/drivers/http_ring_buffer/internal/connection/main.go:52.2,56.17 4 0
fuse_video_streamer/stream/drivers/http_ring_buffer/internal/connection/main.go:56.17,58.3 1 0
fuse_video_streamer/stream/drivers/http_ring_buffer/internal/connection/main.go:60.2,63.27 3 0
fuse_video_streamer/stream/drivers/http_ring_buffer/internal/connection/main.go:63.27,65.3 1 0
fuse_video_streamer/stream/drivers/http_ring_buffer/internal/connection/main.go:67.2,68.16 2 0
fuse_video_streamer/stream/drivers/http_ring_buffer/internal/connection/main.go:68.16,70.3 1 0
fuse_video_streamer/stream/drivers/http_ring_buffer/internal/connection/main.go:72.2,92.16 5 0
fuse_video_streamer/stream/drivers/http_ring_buffer/internal/connection/main.go:92.16,94.3 1 0
fuse_video_streamer/stream/drivers/http_ring_buffer/internal/connection/main.go:97.2,97.94 1 0
fuse_video_streamer/stream/drivers/http_ring_buffer/internal/connection/main.go:97.94,99.3 1 0
fuse_video_streamer/stream/drivers/http_ring_buffer/internal/connection/main.go:101.2,103.32 2 0
fuse_video_streamer/stream/drivers/http_ring_buffer/internal/connection/main.go:106.45,107.52 1 0
fuse_video_streamer/stream/drivers/http_ring_buffer/internal/connection/main.go:107.52,109.3 1 0
fuse_video_streamer/stream/drivers/http_ring_buffer/internal/connection/main.go:111.2,113.28 2 0
fuse_video_streamer/stream/drivers/http_ring_buffer/internal/connection/main.go:113.28,115.17 2 0
fuse_video_streamer/stream/drivers/http_ring_buffer/internal/connection/main.go:115.17,117.4 1 0
fuse_video_streamer/stream/drivers/http_ring_buffer/internal/connection/main.go:119.3,119.24 1 0
fuse_video_streamer/stream/drivers/http_ring_buffer/internal/connection/main.go:122.2,122.12 1 0
fuse_video_streamer/stream/drivers/http_ring_buffer/internal/connection/main.go:125.47,127.2 1 0
fuse_video_streamer/stream/drivers/http_ring_buffer/internal/transfer/main.go:37.26,39.3 1 0
fuse_video_streamer/stream/drivers/http_ring_buffer/internal/transfer/main.go:42.183,61.2 4 0
fuse_video_streamer/stream/drivers/http_ring_buffer/internal/transfer/main.go:63.35,71.9 5 0
fuse_video_streamer/stream/drivers/http_ring_buffer/internal/transfer/main.go:72.33,73.33 1 0
fuse_video_streamer/stream/drivers/http_ring_buffer/internal/transfer/main.go:73.33,75.4 1 0
fuse_video_streamer/stream/drivers/http_ring_buffer/internal/transfer/main.go:76.21,77.14 1 0
fuse_video_streamer/stream/drivers/http_ring_buffer/internal/transfer/main.go:78.15,79.9 1 0
fuse_video_streamer/stream/drivers/http_ring_buffer/internal/transfer/main.go:80.25,81.9 1 0
fuse_video_streamer/stream/drivers/http_ring_buffer/internal/transfer/main.go:82.12,83.9 1 0
fuse_video_streamer/stream/drivers/http_ring_buffer/internal/transfer/main.go:84.11,85.58 1 0
fuse_video_streamer/stream/drivers/http_ring_buffer/internal/transfer/main.go:85.58,86.10 1 0
fuse_video_streamer/stream/drivers/http_ring_buffer/internal/transfer/main.go:88.4,88.63 1 0
fuse_video_streamer/stream/drivers/http_ring_buffer/internal/transfer/main.go:92.2,92.46 1 0
fuse_video_streamer/stream/drivers/http_ring_buffer/internal/transfer/main.go:95.55,99.6 3 0
fuse_video_streamer/stream/drivers/http_ring_buffer/internal/transfer/main.go:99.6,100.10 1 0
fuse_video_streamer/stream/drivers/http_ring_buffer/internal/transfer/main.go:101.34,103.10 2 0
fuse_video_streamer/stream/drivers/http_ring_buffer/internal/transfer/main.go:104.11,104.11 0 0
fuse_video_streamer/stream/drivers/http_ring_buffer/internal/transfer/main.go:107.3,109.20 2 0
fuse_video_streamer/stream/drivers/http_ring_buffer/internal/transfer/main.go:109.20,111.23 2 0
fuse_video_streamer/stream/drivers/http_ring_buffer/internal/transfer/main.go:111.23,115.5 3 0
fuse_video_streamer/stream/drivers/http_ring_buffer/internal/transfer/main.go:117.4,117.69 1 0
fuse_video_streamer/stream/drivers/http_ring_buffer/internal/transfer/main.go:120.3,120.21 1 0
fuse_video_streamer/stream/drivers/http_ring_buffer/internal/transfer/main.go:120.21,124.4 3 0
fuse_video_streamer/stream/drivers/http_ring_buffer/internal/transfer/main.go:128.41,129.50 1 0
fuse_video_streamer/stream/drivers/http_ring_buffer/internal/transfer/main.go:129.50,131.3 1 0
fuse_video_streamer/stream/drivers/http_ring_buffer/internal/transfer/main.go:133.2,133.32 1 0
fuse_video_streamer/stream/drivers/http_ring_buffer/internal/transfer/main.go:133.32,135.17 2 0
fuse_video_streamer/stream/drivers/http_ring_buffer/internal/transfer/main.go:135.17,137.4 1 0
fuse_video_streamer/stream/drivers/http_ring_buffer/internal/transfer/main.go:140.2,146.12 4 0
fuse_video_streamer/testutil/helpers.go:32.63,43.44 5 0
fuse_video_streamer/testutil/helpers.go:43.44,47.3 1 0
fuse_video_streamer/testutil/helpers.go:49.2,49.78 1 0
fuse_video_streamer/testutil/helpers.go:49.78,51.3 1 0
fuse_video_streamer/testutil/helpers.go:53.2,53.16 1 0
fuse_video_streamer/testutil/helpers.go:57.53,62.16 4 0
fuse_video_streamer/testutil/helpers.go:62.16,64.3 1 0
fuse_video_streamer/testutil/helpers.go:65.2,65.15 1 0
fuse_video_streamer/testutil/helpers.go:65.15,66.41 1 0
fuse_video_streamer/testutil/helpers.go:66.41,68.4 1 0
fuse_video_streamer/testutil/helpers.go:71.2,71.42 1 0
fuse_video_streamer/testutil/helpers.go:71.42,73.3 1 0
fuse_video_streamer/testutil/helpers.go:75.2,75.13 1 0
fuse_video_streamer/testutil/helpers.go:85.42,90.2 1 0
fuse_video_streamer/testutil/helpers.go:93.34,94.12 1 0
fuse_video_streamer/testutil/helpers.go:94.12,95.52 1 0
fuse_video_streamer/testutil/helpers.go:95.53,97.4 0 0
fuse_video_streamer/testutil/helpers.go:102.33,105.2 2 0
fuse_video_streamer/testutil/helpers.go:108.78,110.74 1 0
fuse_video_streamer/testutil/helpers.go:110.74,112.4 1 0
fuse_video_streamer/testutil/helpers.go:117.51,119.2 1 0
fuse_video_streamer/testutil/helpers.go:122.55,129.2 4 0
fuse_video_streamer/testutil/helpers.go:132.67,135.16 2 0
fuse_video_streamer/testutil/helpers.go:135.16,138.3 2 0
fuse_video_streamer/testutil/helpers.go:140.2,140.36 1 0
fuse_video_streamer/testutil/helpers.go:140.36,142.3 1 0
fuse_video_streamer/testutil/helpers.go:146.45,149.16 2 0
fuse_video_streamer/testutil/helpers.go:149.16,151.3 1 0
fuse_video_streamer/testutil/helpers.go:160.34,164.2 1 0
fuse_video_streamer/testutil/helpers.go:167.58,170.2 2 0
fuse_video_streamer/testutil/helpers.go:173.42,175.2 1 0
fuse_video_streamer/testutil/helpers.go:178.50,179.32 1 0
fuse_video_streamer/testutil/helpers.go:179.32,180.47 1 0
fuse_video_streamer/testutil/helpers.go:180.47,182.4 1 0
fuse_video_streamer/testutil/helpers.go:184.2,184.14 1 0
fuse_video_streamer/testutil/helpers.go:188.31,190.2 1 0
fuse_video_streamer/testutil/helpers.go:200.56,206.2 1 0
fuse_video_streamer/testutil/helpers.go:209.60,210.14 1 0
fuse_video_streamer/testutil/helpers.go:210.14,212.3 1 0
fuse_video_streamer/testutil/helpers.go:214.2,214.29 1 0
fuse_video_streamer/testutil/helpers.go:214.29,216.3 1 0
fuse_video_streamer/testutil/helpers.go:218.2,221.15 3 0
fuse_video_streamer/testutil/helpers.go:225.40,228.2 2 0
fuse_video_streamer/testutil/helpers.go:231.42,233.2 1 0
fuse_video_streamer/testutil/helpers.go:236.34,239.2 2 0
